{
  "platform": "instagram",
  "caption": "[MOCK instagram] Image: img_wide â€” img wide @ Northwest England",
  "hashtags": [
    "#vitrinealu"
  ],
  "call_to_action": "Request a free quote.",
  "compliance_notes": "Caption meets Instagram guidelines for length and content.",
  "meta": {
    "file": "fixtures/img_wide.jpg",
    "hash": "a1b2c3d4e5f6789012345678901234567890123456789012345678901234567890",
    "exif": {
      "lens": "standard",
      "timeOfDay": "day"
    }
  }
}